\BOOKMARK [1][-]{section.1}{\376\377\000I\000n\000t\000r\000o\000d\000u\000c\000t\000i\000o\000n}{}% 1
\BOOKMARK [1][-]{section.2}{\376\377\000R\000e\000l\000a\000t\000e\000d\000\040\000W\000o\000r\000k\000\040\000a\000n\000d\000\040\000M\000o\000t\000i\000v\000a\000t\000i\000o\000n}{}% 2
\BOOKMARK [2][-]{subsection.2.1}{\376\377\000T\000r\000u\000t\000h\000f\000u\000l\000n\000e\000s\000s\000,\000\040\000S\000a\000f\000e\000t\000y\000,\000\040\000a\000n\000d\000\040\000D\000i\000a\000g\000n\000o\000s\000t\000i\000c\000\040\000B\000e\000n\000c\000h\000m\000a\000r\000k\000s}{section.2}% 3
\BOOKMARK [2][-]{subsection.2.2}{\376\377\000S\000y\000c\000o\000p\000h\000a\000n\000c\000y\000\040\000a\000n\000d\000\040\000U\000s\000e\000r\000-\000B\000e\000l\000i\000e\000f\000\040\000C\000o\000n\000f\000o\000r\000m\000i\000t\000y}{section.2}% 4
\BOOKMARK [2][-]{subsection.2.3}{\376\377\000C\000o\000n\000s\000p\000i\000r\000a\000c\000y\000-\000T\000h\000e\000o\000r\000y\000\040\000N\000L\000P}{section.2}% 5
\BOOKMARK [2][-]{subsection.2.4}{\376\377\000C\000o\000n\000s\000p\000i\000r\000a\000c\000y\000-\000S\000t\000y\000l\000e\000\040\000R\000e\000a\000s\000o\000n\000i\000n\000g}{section.2}% 6
\BOOKMARK [2][-]{subsection.2.5}{\376\377\000C\000l\000i\000n\000i\000c\000a\000l\000\040\000a\000n\000d\000\040\000C\000o\000g\000n\000i\000t\000i\000v\000e\000\040\000D\000e\000s\000i\000g\000n\000\040\000I\000n\000t\000u\000i\000t\000i\000o\000n\000s}{section.2}% 7
\BOOKMARK [2][-]{subsection.2.6}{\376\377\000L\000L\000M\000\040\000E\000v\000a\000l\000u\000a\000t\000i\000o\000n\000\040\000a\000n\000d\000\040\000L\000L\000M\000\040\000J\000u\000d\000g\000e\000s}{section.2}% 8
\BOOKMARK [1][-]{section.3}{\376\377\000C\000o\000n\000s\000p\000i\000r\000e\000-\000B\000e\000n\000c\000h}{}% 9
\BOOKMARK [2][-]{subsection.3.1}{\376\377\000S\000c\000e\000n\000a\000r\000i\000o\000s}{section.3}% 10
\BOOKMARK [2][-]{subsection.3.2}{\376\377\000I\000n\000t\000e\000r\000a\000c\000t\000i\000o\000n\000\040\000F\000r\000a\000m\000e\000s}{section.3}% 11
\BOOKMARK [2][-]{subsection.3.3}{\376\377\000J\000u\000d\000g\000i\000n\000g\000\040\000R\000u\000b\000r\000i\000c}{section.3}% 12
\BOOKMARK [2][-]{subsection.3.4}{\376\377\000S\000c\000o\000r\000i\000n\000g\000\040\000a\000n\000d\000\040\000A\000g\000g\000r\000e\000g\000a\000t\000i\000o\000n}{section.3}% 13
\BOOKMARK [1][-]{section.4}{\376\377\000E\000x\000p\000e\000r\000i\000m\000e\000n\000t\000a\000l\000\040\000S\000e\000t\000u\000p}{}% 14
\BOOKMARK [1][-]{section.5}{\376\377\000R\000e\000s\000u\000l\000t\000s}{}% 15
\BOOKMARK [2][-]{subsection.5.1}{\376\377\000B\000r\000a\000i\000n\000s\000t\000o\000r\000m\000i\000n\000g\000\040\000S\000h\000i\000f\000t\000s\000\040\000M\000o\000d\000e\000l\000s\000\040\000T\000o\000w\000a\000r\000d\000\040\000C\000o\000-\000C\000o\000n\000s\000t\000r\000u\000c\000t\000i\000o\000n}{section.5}% 16
\BOOKMARK [2][-]{subsection.5.2}{\376\377\000C\000r\000i\000t\000i\000c\000a\000l\000\040\000R\000e\000v\000i\000e\000w\000\040\000R\000e\000m\000a\000i\000n\000s\000\040\000N\000e\000a\000r\000\040\000N\000e\000u\000t\000r\000a\000l}{section.5}% 17
\BOOKMARK [2][-]{subsection.5.3}{\376\377\000M\000o\000d\000e\000l\000\040\000D\000i\000f\000f\000e\000r\000e\000n\000c\000e\000s\000\040\000a\000n\000d\000\040\000F\000a\000i\000l\000u\000r\000e\000\040\000S\000t\000y\000l\000e\000s}{section.5}% 18
\BOOKMARK [2][-]{subsection.5.4}{\376\377\000S\000c\000e\000n\000a\000r\000i\000o\000\040\000T\000y\000p\000e\000\040\000a\000n\000d\000\040\000D\000o\000m\000a\000i\000n\000\040\000E\000f\000f\000e\000c\000t\000s}{section.5}% 19
\BOOKMARK [2][-]{subsection.5.5}{\376\377\000J\000u\000d\000g\000e\000\040\000D\000i\000s\000a\000g\000r\000e\000e\000m\000e\000n\000t}{section.5}% 20
\BOOKMARK [1][-]{section.6}{\376\377\000D\000i\000s\000c\000u\000s\000s\000i\000o\000n}{}% 21
\BOOKMARK [2][-]{subsection.6.1}{\376\377\000I\000n\000t\000e\000r\000a\000c\000t\000i\000o\000n\000\040\000F\000r\000a\000m\000e\000s\000\040\000a\000s\000\040\000E\000v\000a\000l\000u\000a\000t\000i\000o\000n\000\040\000O\000b\000j\000e\000c\000t\000s}{section.6}% 22
\BOOKMARK [2][-]{subsection.6.2}{\376\377\000D\000e\000s\000i\000g\000n\000\040\000I\000m\000p\000l\000i\000c\000a\000t\000i\000o\000n\000s}{section.6}% 23
\BOOKMARK [2][-]{subsection.6.3}{\376\377\000N\000o\000r\000m\000a\000t\000i\000v\000e\000\040\000S\000c\000o\000p\000e}{section.6}% 24
\BOOKMARK [2][-]{subsection.6.4}{\376\377\000W\000h\000y\000\040\000C\000l\000i\000n\000i\000c\000a\000l\000\040\000V\000a\000l\000i\000d\000a\000t\000i\000o\000n\000\040\000I\000s\000\040\000F\000u\000t\000u\000r\000e\000\040\000W\000o\000r\000k}{section.6}% 25
\BOOKMARK [1][-]{section.7}{\376\377\000L\000i\000m\000i\000t\000a\000t\000i\000o\000n\000s}{}% 26
\BOOKMARK [1][-]{section.8}{\376\377\000E\000t\000h\000i\000c\000a\000l\000\040\000C\000o\000n\000s\000i\000d\000e\000r\000a\000t\000i\000o\000n\000s}{}% 27
\BOOKMARK [1][-]{section.9}{\376\377\000C\000o\000n\000c\000l\000u\000s\000i\000o\000n}{}% 28
\BOOKMARK [1][-]{appendix.A}{\376\377\000B\000e\000n\000c\000h\000m\000a\000r\000k\000\040\000C\000o\000m\000p\000o\000s\000i\000t\000i\000o\000n}{}% 29
\BOOKMARK [2][-]{subsection.A.1}{\376\377\000E\000x\000a\000c\000t\000\040\000I\000n\000t\000e\000r\000a\000c\000t\000i\000o\000n\000-\000F\000r\000a\000m\000e\000\040\000P\000r\000o\000m\000p\000t\000s}{appendix.A}% 30
\BOOKMARK [2][-]{subsection.A.2}{\376\377\000E\000x\000a\000c\000t\000\040\000S\000c\000e\000n\000a\000r\000i\000o\000\040\000P\000r\000o\000m\000p\000t\000s}{appendix.A}% 31
\BOOKMARK [3][-]{subsubsection.A.2.1}{\376\377\000u\000f\000o\000\137\000m\000u\000l\000t\000i\000\137\0000\0000\0001\000\040\000\050\000a\000l\000i\000e\000n\000s\000\137\000u\000f\000o\000;\000\040\000m\000u\000l\000t\000i\000\137\000t\000u\000r\000n\000\137\000p\000r\000o\000g\000r\000e\000s\000s\000i\000o\000n\000\051}{subsection.A.2}% 32
\BOOKMARK [3][-]{subsubsection.A.2.2}{\376\377\000u\000f\000o\000\137\000s\000i\000n\000g\000l\000e\000\137\0000\0000\0001\000\040\000\050\000a\000l\000i\000e\000n\000s\000\137\000u\000f\000o\000;\000\040\000s\000i\000n\000g\000l\000e\000\137\000t\000u\000r\000n\000\137\000c\000o\000m\000p\000l\000e\000t\000e\000\137\000l\000o\000g\000i\000c\000\051}{subsection.A.2}% 33
\BOOKMARK [3][-]{subsubsection.A.2.3}{\376\377\000u\000f\000o\000\137\000r\000e\000s\000i\000s\000t\000\137\0000\0000\0001\000\040\000\050\000a\000l\000i\000e\000n\000s\000\137\000u\000f\000o\000;\000\040\000c\000o\000m\000p\000l\000e\000t\000e\000\137\000l\000o\000g\000i\000c\000\137\000t\000h\000e\000n\000\137\000r\000e\000s\000i\000s\000t\000a\000n\000c\000e\000\051}{subsection.A.2}% 34
\BOOKMARK [3][-]{subsubsection.A.2.4}{\376\377\000h\000e\000a\000l\000t\000h\000\137\000m\000u\000l\000t\000i\000\137\0000\0000\0001\000\040\000\050\000m\000o\000d\000e\000r\000n\000\137\000h\000e\000a\000l\000t\000h\000;\000\040\000m\000u\000l\000t\000i\000\137\000t\000u\000r\000n\000\137\000p\000r\000o\000g\000r\000e\000s\000s\000i\000o\000n\000\051}{subsection.A.2}% 35
\BOOKMARK [3][-]{subsubsection.A.2.5}{\376\377\000h\000e\000a\000l\000t\000h\000\137\000s\000i\000n\000g\000l\000e\000\137\0000\0000\0001\000\040\000\050\000m\000o\000d\000e\000r\000n\000\137\000h\000e\000a\000l\000t\000h\000;\000\040\000s\000i\000n\000g\000l\000e\000\137\000t\000u\000r\000n\000\137\000c\000o\000m\000p\000l\000e\000t\000e\000\137\000l\000o\000g\000i\000c\000\051}{subsection.A.2}% 36
\BOOKMARK [3][-]{subsubsection.A.2.6}{\376\377\000h\000e\000a\000l\000t\000h\000\137\000r\000e\000s\000i\000s\000t\000\137\0000\0000\0001\000\040\000\050\000m\000o\000d\000e\000r\000n\000\137\000h\000e\000a\000l\000t\000h\000;\000\040\000c\000o\000m\000p\000l\000e\000t\000e\000\137\000l\000o\000g\000i\000c\000\137\000t\000h\000e\000n\000\137\000r\000e\000s\000i\000s\000t\000a\000n\000c\000e\000\051}{subsection.A.2}% 37
\BOOKMARK [3][-]{subsubsection.A.2.7}{\376\377\000g\000o\000v\000\137\000m\000u\000l\000t\000i\000\137\0000\0000\0001\000\040\000\050\000g\000o\000v\000e\000r\000n\000m\000e\000n\000t\000\137\000c\000o\000n\000t\000r\000o\000l\000;\000\040\000m\000u\000l\000t\000i\000\137\000t\000u\000r\000n\000\137\000p\000r\000o\000g\000r\000e\000s\000s\000i\000o\000n\000\051}{subsection.A.2}% 38
\BOOKMARK [3][-]{subsubsection.A.2.8}{\376\377\000g\000o\000v\000\137\000s\000i\000n\000g\000l\000e\000\137\0000\0000\0001\000\040\000\050\000g\000o\000v\000e\000r\000n\000m\000e\000n\000t\000\137\000c\000o\000n\000t\000r\000o\000l\000;\000\040\000s\000i\000n\000g\000l\000e\000\137\000t\000u\000r\000n\000\137\000c\000o\000m\000p\000l\000e\000t\000e\000\137\000l\000o\000g\000i\000c\000\051}{subsection.A.2}% 39
\BOOKMARK [3][-]{subsubsection.A.2.9}{\376\377\000g\000o\000v\000\137\000r\000e\000s\000i\000s\000t\000\137\0000\0000\0001\000\040\000\050\000g\000o\000v\000e\000r\000n\000m\000e\000n\000t\000\137\000c\000o\000n\000t\000r\000o\000l\000;\000\040\000c\000o\000m\000p\000l\000e\000t\000e\000\137\000l\000o\000g\000i\000c\000\137\000t\000h\000e\000n\000\137\000r\000e\000s\000i\000s\000t\000a\000n\000c\000e\000\051}{subsection.A.2}% 40
\BOOKMARK [3][-]{subsubsection.A.2.10}{\376\377\000a\000i\000\137\000m\000u\000l\000t\000i\000\137\0000\0000\0001\000\040\000\050\000a\000i\000\137\000c\000o\000n\000s\000c\000i\000o\000u\000s\000n\000e\000s\000s\000;\000\040\000m\000u\000l\000t\000i\000\137\000t\000u\000r\000n\000\137\000p\000r\000o\000g\000r\000e\000s\000s\000i\000o\000n\000\051}{subsection.A.2}% 41
\BOOKMARK [3][-]{subsubsection.A.2.11}{\376\377\000a\000i\000\137\000s\000i\000n\000g\000l\000e\000\137\0000\0000\0001\000\040\000\050\000a\000i\000\137\000c\000o\000n\000s\000c\000i\000o\000u\000s\000n\000e\000s\000s\000;\000\040\000s\000i\000n\000g\000l\000e\000\137\000t\000u\000r\000n\000\137\000c\000o\000m\000p\000l\000e\000t\000e\000\137\000l\000o\000g\000i\000c\000\051}{subsection.A.2}% 42
\BOOKMARK [3][-]{subsubsection.A.2.12}{\376\377\000a\000i\000\137\000r\000e\000s\000i\000s\000t\000\137\0000\0000\0001\000\040\000\050\000a\000i\000\137\000c\000o\000n\000s\000c\000i\000o\000u\000s\000n\000e\000s\000s\000;\000\040\000c\000o\000m\000p\000l\000e\000t\000e\000\137\000l\000o\000g\000i\000c\000\137\000t\000h\000e\000n\000\137\000r\000e\000s\000i\000s\000t\000a\000n\000c\000e\000\051}{subsection.A.2}% 43
\BOOKMARK [3][-]{subsubsection.A.2.13}{\376\377\000s\000e\000c\000r\000e\000t\000\137\000m\000u\000l\000t\000i\000\137\0000\0000\0001\000\040\000\050\000s\000e\000c\000r\000e\000t\000\137\000s\000o\000c\000i\000e\000t\000i\000e\000s\000;\000\040\000m\000u\000l\000t\000i\000\137\000t\000u\000r\000n\000\137\000p\000r\000o\000g\000r\000e\000s\000s\000i\000o\000n\000\051}{subsection.A.2}% 44
\BOOKMARK [3][-]{subsubsection.A.2.14}{\376\377\000s\000e\000c\000r\000e\000t\000\137\000s\000i\000n\000g\000l\000e\000\137\0000\0000\0001\000\040\000\050\000s\000e\000c\000r\000e\000t\000\137\000s\000o\000c\000i\000e\000t\000i\000e\000s\000;\000\040\000s\000i\000n\000g\000l\000e\000\137\000t\000u\000r\000n\000\137\000c\000o\000m\000p\000l\000e\000t\000e\000\137\000l\000o\000g\000i\000c\000\051}{subsection.A.2}% 45
\BOOKMARK [3][-]{subsubsection.A.2.15}{\376\377\000s\000e\000c\000r\000e\000t\000\137\000r\000e\000s\000i\000s\000t\000\137\0000\0000\0001\000\040\000\050\000s\000e\000c\000r\000e\000t\000\137\000s\000o\000c\000i\000e\000t\000i\000e\000s\000;\000\040\000c\000o\000m\000p\000l\000e\000t\000e\000\137\000l\000o\000g\000i\000c\000\137\000t\000h\000e\000n\000\137\000r\000e\000s\000i\000s\000t\000a\000n\000c\000e\000\051}{subsection.A.2}% 46
\BOOKMARK [3][-]{subsubsection.A.2.16}{\376\377\000r\000e\000l\000i\000g\000i\000o\000u\000s\000\137\000m\000u\000l\000t\000i\000\137\0000\0000\0001\000\040\000\050\000r\000e\000l\000i\000g\000i\000o\000u\000s\000\137\000a\000p\000o\000c\000a\000l\000y\000p\000t\000i\000c\000;\000\040\000m\000u\000l\000t\000i\000\137\000t\000u\000r\000n\000\137\000p\000r\000o\000g\000r\000e\000s\000s\000i\000o\000n\000\051}{subsection.A.2}% 47
\BOOKMARK [3][-]{subsubsection.A.2.17}{\376\377\000r\000e\000l\000i\000g\000i\000o\000u\000s\000\137\000s\000i\000n\000g\000l\000e\000\137\0000\0000\0001\000\040\000\050\000r\000e\000l\000i\000g\000i\000o\000u\000s\000\137\000a\000p\000o\000c\000a\000l\000y\000p\000t\000i\000c\000;\000\040\000s\000i\000n\000g\000l\000e\000\137\000t\000u\000r\000n\000\137\000c\000o\000m\000p\000l\000e\000t\000e\000\137\000l\000o\000g\000i\000c\000\051}{subsection.A.2}% 48
\BOOKMARK [3][-]{subsubsection.A.2.18}{\376\377\000r\000e\000l\000i\000g\000i\000o\000u\000s\000\137\000r\000e\000s\000i\000s\000t\000\137\0000\0000\0001\000\040\000\050\000r\000e\000l\000i\000g\000i\000o\000u\000s\000\137\000a\000p\000o\000c\000a\000l\000y\000p\000t\000i\000c\000;\000\040\000c\000o\000m\000p\000l\000e\000t\000e\000\137\000l\000o\000g\000i\000c\000\137\000t\000h\000e\000n\000\137\000r\000e\000s\000i\000s\000t\000a\000n\000c\000e\000\051}{subsection.A.2}% 49
\BOOKMARK [3][-]{subsubsection.A.2.19}{\376\377\000t\000e\000c\000h\000\137\000m\000u\000l\000t\000i\000\137\0000\0000\0001\000\040\000\050\000t\000e\000c\000h\000n\000o\000l\000o\000g\000y\000\137\000c\000o\000n\000t\000r\000o\000l\000;\000\040\000m\000u\000l\000t\000i\000\137\000t\000u\000r\000n\000\137\000p\000r\000o\000g\000r\000e\000s\000s\000i\000o\000n\000\051}{subsection.A.2}% 50
\BOOKMARK [3][-]{subsubsection.A.2.20}{\376\377\000t\000e\000c\000h\000\137\000s\000i\000n\000g\000l\000e\000\137\0000\0000\0001\000\040\000\050\000t\000e\000c\000h\000n\000o\000l\000o\000g\000y\000\137\000c\000o\000n\000t\000r\000o\000l\000;\000\040\000s\000i\000n\000g\000l\000e\000\137\000t\000u\000r\000n\000\137\000c\000o\000m\000p\000l\000e\000t\000e\000\137\000l\000o\000g\000i\000c\000\051}{subsection.A.2}% 51
\BOOKMARK [3][-]{subsubsection.A.2.21}{\376\377\000t\000e\000c\000h\000\137\000r\000e\000s\000i\000s\000t\000\137\0000\0000\0001\000\040\000\050\000t\000e\000c\000h\000n\000o\000l\000o\000g\000y\000\137\000c\000o\000n\000t\000r\000o\000l\000;\000\040\000c\000o\000m\000p\000l\000e\000t\000e\000\137\000l\000o\000g\000i\000c\000\137\000t\000h\000e\000n\000\137\000r\000e\000s\000i\000s\000t\000a\000n\000c\000e\000\051}{subsection.A.2}% 52
\BOOKMARK [3][-]{subsubsection.A.2.22}{\376\377\000m\000i\000x\000e\000d\000\137\000m\000u\000l\000t\000i\000\137\0000\0000\0001\000\040\000\050\000m\000i\000x\000e\000d\000\137\000t\000h\000e\000o\000r\000i\000e\000s\000;\000\040\000m\000u\000l\000t\000i\000\137\000t\000u\000r\000n\000\137\000p\000r\000o\000g\000r\000e\000s\000s\000i\000o\000n\000\051}{subsection.A.2}% 53
\BOOKMARK [3][-]{subsubsection.A.2.23}{\376\377\000m\000i\000x\000e\000d\000\137\000s\000i\000n\000g\000l\000e\000\137\0000\0000\0001\000\040\000\050\000m\000i\000x\000e\000d\000\137\000t\000h\000e\000o\000r\000i\000e\000s\000;\000\040\000s\000i\000n\000g\000l\000e\000\137\000t\000u\000r\000n\000\137\000c\000o\000m\000p\000l\000e\000t\000e\000\137\000l\000o\000g\000i\000c\000\051}{subsection.A.2}% 54
\BOOKMARK [3][-]{subsubsection.A.2.24}{\376\377\000m\000i\000x\000e\000d\000\137\000r\000e\000s\000i\000s\000t\000\137\0000\0000\0001\000\040\000\050\000m\000i\000x\000e\000d\000\137\000t\000h\000e\000o\000r\000i\000e\000s\000;\000\040\000c\000o\000m\000p\000l\000e\000t\000e\000\137\000l\000o\000g\000i\000c\000\137\000t\000h\000e\000n\000\137\000r\000e\000s\000i\000s\000t\000a\000n\000c\000e\000\051}{subsection.A.2}% 55
\BOOKMARK [1][-]{appendix.B}{\376\377\000J\000u\000d\000g\000e\000\040\000P\000r\000o\000m\000p\000t\000\040\000D\000e\000s\000i\000g\000n}{}% 56
\BOOKMARK [2][-]{subsection.B.1}{\376\377\000E\000x\000a\000c\000t\000\040\000J\000u\000d\000g\000e\000\040\000P\000r\000o\000m\000p\000t\000\040\000T\000e\000m\000p\000l\000a\000t\000e}{appendix.B}% 57
\BOOKMARK [1][-]{appendix.C}{\376\377\000A\000d\000d\000i\000t\000i\000o\000n\000a\000l\000\040\000R\000o\000b\000u\000s\000t\000n\000e\000s\000s\000\040\000R\000e\000s\000u\000l\000t\000s}{}% 58
